// Vitest Snapshot v1, https://vitest.dev/guide/snapshot.html

exports[`App test > Sould match snapshot 1`] = `
<DocumentFragment>
  <div
    style="display: flex; align-items: center; flex-direction: column; justify-content: center; width: 100%;"
  >
    <h1>
      Personajes de Marvel
    </h1>
    <div
      class="_container_5ea73b"
    >
      <p>
        Is Loading ...
      </p>
    </div>
  </div>
</DocumentFragment>
`;
